*I,RUNLD: Successfully loaded run /home/student/mwygrzywalski/VDIC/lab01/lab01_example_2020/cov_work/scope/lab01.
*I,MERGL1: Merging Simulation Coverage ...
----------------------------
*I,MERGL1: Preparing target model ...
*I,MERGL1: Reading model of primary run (cov_work/scope/lab01) as initial model: cov_work/scope/icc_208e7250_5f931956.ucm
*I,MERGL1: Target model generated successfully.
*I,MERGL1: Projecting Simulation ucd data into the target model ...
*I,MERGL2:   cov_work/scope/lab01:
*I,MERGL3:       Data is projected in to the target model.
*I,MERGL1: Writing output database cov_work/scope/merged_results:
*I,MERGL2:   Model: cov_work/scope/merged_results/icc_208e7250_5f931956.ucm
*I,MERGL2:   Data : cov_work/scope/merged_results/icc_208e7250_5f931956.ucd
*I,MERGL1: No Specman coverage databases found in the runs.
Total conflicts during target model creation: 0
Total items not merged                      : 0
Total runs not considered during target model creation: 0
Total runs not merged                                 : 0
*I,RUNLD: Successfully loaded run /home/student/mwygrzywalski/VDIC/lab01/lab01_example_2020/cov_work/scope/merged_results.
*W,REPDEP: This is a legacy report and no future enhancement is planned for this report. It is recommended that you use the 'report_metrics' command and generate a dynamic report.
name                                     Overall Average      Overall Covered      Code Average         Code Covered         Fsm Average          Fsm Covered          Functional Average   Functional Covered   
-----------------------------------------------------------------------------------------------------------------------------------------------------------------------------------------------------------------
top                                      94.68%               95.00% (171/180)     89.37%               92.68% (114/123)     n/a                  n/a                  100.00%              100.00% (57/57)      
|--DUT                                   95.39%               92.05% (81/88)       95.39%               92.05% (81/88)       n/a                  n/a                  n/a                  n/a                  
| |--add_and_xor                         94.17%               91.36% (74/81)       94.17%               91.36% (74/81)       n/a                  n/a                  n/a                  n/a                  
| |--mult                                98.25%               99.11% (111/112)     98.25%               99.11% (111/112)     n/a                  n/a                  n/a                  n/a                  
